
[TestHealthzController/GET_/healthz - 1]
{"name":"","version":"99.99.99","hostname":""}
---
